Copyright 1986-2020 Xilinx, Inc. All Rights Reserved.
--------------------------------------------------------------------------------------------------------------------------------------------------------------------------------
| Tool Version : Vivado v.2020.2 (win64) Build 3064766 Wed Nov 18 09:12:45 MST 2020
| Date         : Fri May 29 22:23:55 2026
| Host         : Yijing_Chen running 64-bit major release  (build 9200)
| Command      : report_timing_summary -max_paths 10 -file top_timing_summary_routed.rpt -pb top_timing_summary_routed.pb -rpx top_timing_summary_routed.rpx -warn_on_violation
| Design       : top
| Device       : 7a100t-csg324
| Speed File   : -1  PRODUCTION 1.23 2018-06-13
--------------------------------------------------------------------------------------------------------------------------------------------------------------------------------

Timing Summary Report

------------------------------------------------------------------------------------------------
| Timer Settings
| --------------
------------------------------------------------------------------------------------------------

  Enable Multi Corner Analysis               :  Yes
  Enable Pessimism Removal                   :  Yes
  Pessimism Removal Resolution               :  Nearest Common Node
  Enable Input Delay Default Clock           :  No
  Enable Preset / Clear Arcs                 :  No
  Disable Flight Delays                      :  No
  Ignore I/O Paths                           :  No
  Timing Early Launch at Borrowing Latches   :  No
  Borrow Time for Max Delay Exceptions       :  Yes
  Merge Timing Exceptions                    :  Yes

  Corner  Analyze    Analyze    
  Name    Max Paths  Min Paths  
  ------  ---------  ---------  
  Slow    Yes        Yes        
  Fast    Yes        Yes        



check_timing report

Table of Contents
-----------------
1. checking no_clock (0)
2. checking constant_clock (0)
3. checking pulse_width_clock (0)
4. checking unconstrained_internal_endpoints (0)
5. checking no_input_delay (9)
6. checking no_output_delay (7)
7. checking multiple_clock (0)
8. checking generated_clocks (0)
9. checking loops (0)
10. checking partial_input_delay (0)
11. checking partial_output_delay (0)
12. checking latch_loops (0)

1. checking no_clock (0)
------------------------
 There are 0 register/latch pins with no clock.


2. checking constant_clock (0)
------------------------------
 There are 0 register/latch pins with constant_clock.


3. checking pulse_width_clock (0)
---------------------------------
 There are 0 register/latch pins which need pulse_width check


4. checking unconstrained_internal_endpoints (0)
------------------------------------------------
 There are 0 pins that are not constrained for maximum delay.

 There are 0 pins that are not constrained for maximum delay due to constant clock.


5. checking no_input_delay (9)
------------------------------
 There are 9 input ports with no input delay specified. (HIGH)

 There are 0 input ports with no input delay but user has a false path constraint.


6. checking no_output_delay (7)
-------------------------------
 There are 7 ports with no output delay specified. (HIGH)

 There are 0 ports with no output delay but user has a false path constraint

 There are 0 ports with no output delay but with a timing clock defined on it or propagating through it


7. checking multiple_clock (0)
------------------------------
 There are 0 register/latch pins with multiple clocks.


8. checking generated_clocks (0)
--------------------------------
 There are 0 generated clocks that are not connected to a clock source.


9. checking loops (0)
---------------------
 There are 0 combinational loops in the design.


10. checking partial_input_delay (0)
------------------------------------
 There are 0 input ports with partial input delay specified.


11. checking partial_output_delay (0)
-------------------------------------
 There are 0 ports with partial output delay specified.


12. checking latch_loops (0)
----------------------------
 There are 0 combinational latch loops in the design through latch input



------------------------------------------------------------------------------------------------
| Design Timing Summary
| ---------------------
------------------------------------------------------------------------------------------------

    WNS(ns)      TNS(ns)  TNS Failing Endpoints  TNS Total Endpoints      WHS(ns)      THS(ns)  THS Failing Endpoints  THS Total Endpoints     WPWS(ns)     TPWS(ns)  TPWS Failing Endpoints  TPWS Total Endpoints  
    -------      -------  ---------------------  -------------------      -------      -------  ---------------------  -------------------     --------     --------  ----------------------  --------------------  
      5.277        0.000                      0                   24        0.267        0.000                      0                   24        4.500        0.000                       0                    27  


All user specified timing constraints are met.


------------------------------------------------------------------------------------------------
| Clock Summary
| -------------
------------------------------------------------------------------------------------------------

Clock        Waveform(ns)       Period(ns)      Frequency(MHz)
-----        ------------       ----------      --------------
sys_clk_pin  {0.000 5.000}      10.000          100.000         


------------------------------------------------------------------------------------------------
| Intra Clock Table
| -----------------
------------------------------------------------------------------------------------------------

Clock             WNS(ns)      TNS(ns)  TNS Failing Endpoints  TNS Total Endpoints      WHS(ns)      THS(ns)  THS Failing Endpoints  THS Total Endpoints     WPWS(ns)     TPWS(ns)  TPWS Failing Endpoints  TPWS Total Endpoints  
-----             -------      -------  ---------------------  -------------------      -------      -------  ---------------------  -------------------     --------     --------  ----------------------  --------------------  
sys_clk_pin         5.277        0.000                      0                   24        0.267        0.000                      0                   24        4.500        0.000                       0                    27  


------------------------------------------------------------------------------------------------
| Inter Clock Table
| -----------------
------------------------------------------------------------------------------------------------

From Clock    To Clock          WNS(ns)      TNS(ns)  TNS Failing Endpoints  TNS Total Endpoints      WHS(ns)      THS(ns)  THS Failing Endpoints  THS Total Endpoints  
----------    --------          -------      -------  ---------------------  -------------------      -------      -------  ---------------------  -------------------  


------------------------------------------------------------------------------------------------
| Other Path Groups Table
| -----------------------
------------------------------------------------------------------------------------------------

Path Group    From Clock    To Clock          WNS(ns)      TNS(ns)  TNS Failing Endpoints  TNS Total Endpoints      WHS(ns)      THS(ns)  THS Failing Endpoints  THS Total Endpoints  
----------    ----------    --------          -------      -------  ---------------------  -------------------      -------      -------  ---------------------  -------------------  


------------------------------------------------------------------------------------------------
| Timing Details
| --------------
------------------------------------------------------------------------------------------------


---------------------------------------------------------------------------------------------------
From Clock:  sys_clk_pin
  To Clock:  sys_clk_pin

Setup :            0  Failing Endpoints,  Worst Slack        5.277ns,  Total Violation        0.000ns
Hold  :            0  Failing Endpoints,  Worst Slack        0.267ns,  Total Violation        0.000ns
PW    :            0  Failing Endpoints,  Worst Slack        4.500ns,  Total Violation        0.000ns
---------------------------------------------------------------------------------------------------


Max Delay Paths
--------------------------------------------------------------------------------------
Slack (MET) :             5.277ns  (required time - arrival time)
  Source:                 clk_div_reg[16]/C
                            (rising edge-triggered cell FDCE clocked by sys_clk_pin  {rise@0.000ns fall@5.000ns period=10.000ns})
  Destination:            clk_div_reg[0]/D
                            (rising edge-triggered cell FDCE clocked by sys_clk_pin  {rise@0.000ns fall@5.000ns period=10.000ns})
  Path Group:             sys_clk_pin
  Path Type:              Setup (Max at Slow Process Corner)
  Requirement:            10.000ns  (sys_clk_pin rise@10.000ns - sys_clk_pin rise@0.000ns)
  Data Path Delay:        4.353ns  (logic 1.049ns (24.096%)  route 3.304ns (75.904%))
  Logic Levels:           3  (LUT2=1 LUT5=1 LUT6=1)
  Clock Path Skew:        -0.027ns (DCD - SCD + CPR)
    Destination Clock Delay (DCD):    5.015ns = ( 15.015 - 10.000 ) 
    Source Clock Delay      (SCD):    5.318ns
    Clock Pessimism Removal (CPR):    0.276ns
  Clock Uncertainty:      0.035ns  ((TSJ^2 + TIJ^2)^1/2 + DJ) / 2 + PE
    Total System Jitter     (TSJ):    0.071ns
    Total Input Jitter      (TIJ):    0.000ns
    Discrete Jitter          (DJ):    0.000ns
    Phase Error              (PE):    0.000ns

    Location             Delay type                Incr(ns)  Path(ns)    Netlist Resource(s)
  -------------------------------------------------------------------    -------------------
                         (clock sys_clk_pin rise edge)
                                                      0.000     0.000 r  
    E3                                                0.000     0.000 r  clk (IN)
                         net (fo=0)                   0.000     0.000    clk
    E3                   IBUF (Prop_ibuf_I_O)         1.482     1.482 r  clk_IBUF_inst/O
                         net (fo=1, routed)           2.025     3.506    clk_IBUF
    BUFGCTRL_X0Y16       BUFG (Prop_bufg_I_O)         0.096     3.602 r  clk_IBUF_BUFG_inst/O
                         net (fo=26, routed)          1.715     5.318    clk_IBUF_BUFG
    SLICE_X6Y82          FDCE                                         r  clk_div_reg[16]/C
  -------------------------------------------------------------------    -------------------
    SLICE_X6Y82          FDCE (Prop_fdce_C_Q)         0.478     5.796 f  clk_div_reg[16]/Q
                         net (fo=2, routed)           1.000     6.795    clk_div_reg_n_0_[16]
    SLICE_X6Y82          LUT6 (Prop_lut6_I1_O)        0.301     7.096 f  clk_div[20]_i_4/O
                         net (fo=1, routed)           0.800     7.896    clk_div[20]_i_4_n_0
    SLICE_X6Y81          LUT5 (Prop_lut5_I0_O)        0.124     8.020 f  clk_div[20]_i_3/O
                         net (fo=24, routed)          0.880     8.900    digit_index
    SLICE_X6Y80          LUT2 (Prop_lut2_I1_O)        0.146     9.046 r  clk_div[0]_i_1/O
                         net (fo=1, routed)           0.625     9.671    clk_div[0]
    SLICE_X7Y80          FDCE                                         r  clk_div_reg[0]/D
  -------------------------------------------------------------------    -------------------

                         (clock sys_clk_pin rise edge)
                                                     10.000    10.000 r  
    E3                                                0.000    10.000 r  clk (IN)
                         net (fo=0)                   0.000    10.000    clk
    E3                   IBUF (Prop_ibuf_I_O)         1.411    11.411 r  clk_IBUF_inst/O
                         net (fo=1, routed)           1.920    13.331    clk_IBUF
    BUFGCTRL_X0Y16       BUFG (Prop_bufg_I_O)         0.091    13.422 r  clk_IBUF_BUFG_inst/O
                         net (fo=26, routed)          1.592    15.015    clk_IBUF_BUFG
    SLICE_X7Y80          FDCE                                         r  clk_div_reg[0]/C
                         clock pessimism              0.276    15.291    
                         clock uncertainty           -0.035    15.255    
    SLICE_X7Y80          FDCE (Setup_fdce_C_D)       -0.307    14.948    clk_div_reg[0]
  -------------------------------------------------------------------
                         required time                         14.948    
                         arrival time                          -9.671    
  -------------------------------------------------------------------
                         slack                                  5.277    

Slack (MET) :             6.160ns  (required time - arrival time)
  Source:                 clk_div_reg[16]/C
                            (rising edge-triggered cell FDCE clocked by sys_clk_pin  {rise@0.000ns fall@5.000ns period=10.000ns})
  Destination:            clk_div_reg[1]/D
                            (rising edge-triggered cell FDCE clocked by sys_clk_pin  {rise@0.000ns fall@5.000ns period=10.000ns})
  Path Group:             sys_clk_pin
  Path Type:              Setup (Max at Slow Process Corner)
  Requirement:            10.000ns  (sys_clk_pin rise@10.000ns - sys_clk_pin rise@0.000ns)
  Data Path Delay:        3.855ns  (logic 1.027ns (26.641%)  route 2.828ns (73.359%))
  Logic Levels:           3  (LUT2=1 LUT5=1 LUT6=1)
  Clock Path Skew:        -0.027ns (DCD - SCD + CPR)
    Destination Clock Delay (DCD):    5.015ns = ( 15.015 - 10.000 ) 
    Source Clock Delay      (SCD):    5.318ns
    Clock Pessimism Removal (CPR):    0.276ns
  Clock Uncertainty:      0.035ns  ((TSJ^2 + TIJ^2)^1/2 + DJ) / 2 + PE
    Total System Jitter     (TSJ):    0.071ns
    Total Input Jitter      (TIJ):    0.000ns
    Discrete Jitter          (DJ):    0.000ns
    Phase Error              (PE):    0.000ns

    Location             Delay type                Incr(ns)  Path(ns)    Netlist Resource(s)
  -------------------------------------------------------------------    -------------------
                         (clock sys_clk_pin rise edge)
                                                      0.000     0.000 r  
    E3                                                0.000     0.000 r  clk (IN)
                         net (fo=0)                   0.000     0.000    clk
    E3                   IBUF (Prop_ibuf_I_O)         1.482     1.482 r  clk_IBUF_inst/O
                         net (fo=1, routed)           2.025     3.506    clk_IBUF
    BUFGCTRL_X0Y16       BUFG (Prop_bufg_I_O)         0.096     3.602 r  clk_IBUF_BUFG_inst/O
                         net (fo=26, routed)          1.715     5.318    clk_IBUF_BUFG
    SLICE_X6Y82          FDCE                                         r  clk_div_reg[16]/C
  -------------------------------------------------------------------    -------------------
    SLICE_X6Y82          FDCE (Prop_fdce_C_Q)         0.478     5.796 f  clk_div_reg[16]/Q
                         net (fo=2, routed)           1.000     6.795    clk_div_reg_n_0_[16]
    SLICE_X6Y82          LUT6 (Prop_lut6_I1_O)        0.301     7.096 f  clk_div[20]_i_4/O
                         net (fo=1, routed)           0.800     7.896    clk_div[20]_i_4_n_0
    SLICE_X6Y81          LUT5 (Prop_lut5_I0_O)        0.124     8.020 f  clk_div[20]_i_3/O
                         net (fo=24, routed)          1.029     9.049    digit_index
    SLICE_X6Y79          LUT2 (Prop_lut2_I1_O)        0.124     9.173 r  clk_div[1]_i_1/O
                         net (fo=1, routed)           0.000     9.173    clk_div[1]
    SLICE_X6Y79          FDCE                                         r  clk_div_reg[1]/D
  -------------------------------------------------------------------    -------------------

                         (clock sys_clk_pin rise edge)
                                                     10.000    10.000 r  
    E3                                                0.000    10.000 r  clk (IN)
                         net (fo=0)                   0.000    10.000    clk
    E3                   IBUF (Prop_ibuf_I_O)         1.411    11.411 r  clk_IBUF_inst/O
                         net (fo=1, routed)           1.920    13.331    clk_IBUF
    BUFGCTRL_X0Y16       BUFG (Prop_bufg_I_O)         0.091    13.422 r  clk_IBUF_BUFG_inst/O
                         net (fo=26, routed)          1.592    15.015    clk_IBUF_BUFG
    SLICE_X6Y79          FDCE                                         r  clk_div_reg[1]/C
                         clock pessimism              0.276    15.291    
                         clock uncertainty           -0.035    15.255    
    SLICE_X6Y79          FDCE (Setup_fdce_C_D)        0.077    15.332    clk_div_reg[1]
  -------------------------------------------------------------------
                         required time                         15.332    
                         arrival time                          -9.173    
  -------------------------------------------------------------------
                         slack                                  6.160    

Slack (MET) :             6.179ns  (required time - arrival time)
  Source:                 clk_div_reg[16]/C
                            (rising edge-triggered cell FDCE clocked by sys_clk_pin  {rise@0.000ns fall@5.000ns period=10.000ns})
  Destination:            clk_div_reg[3]/D
                            (rising edge-triggered cell FDCE clocked by sys_clk_pin  {rise@0.000ns fall@5.000ns period=10.000ns})
  Path Group:             sys_clk_pin
  Path Type:              Setup (Max at Slow Process Corner)
  Requirement:            10.000ns  (sys_clk_pin rise@10.000ns - sys_clk_pin rise@0.000ns)
  Data Path Delay:        3.877ns  (logic 1.049ns (27.057%)  route 2.828ns (72.943%))
  Logic Levels:           3  (LUT2=1 LUT5=1 LUT6=1)
  Clock Path Skew:        -0.027ns (DCD - SCD + CPR)
    Destination Clock Delay (DCD):    5.015ns = ( 15.015 - 10.000 ) 
    Source Clock Delay      (SCD):    5.318ns
    Clock Pessimism Removal (CPR):    0.276ns
  Clock Uncertainty:      0.035ns  ((TSJ^2 + TIJ^2)^1/2 + DJ) / 2 + PE
    Total System Jitter     (TSJ):    0.071ns
    Total Input Jitter      (TIJ):    0.000ns
    Discrete Jitter          (DJ):    0.000ns
    Phase Error              (PE):    0.000ns

    Location             Delay type                Incr(ns)  Path(ns)    Netlist Resource(s)
  -------------------------------------------------------------------    -------------------
                         (clock sys_clk_pin rise edge)
                                                      0.000     0.000 r  
    E3                                                0.000     0.000 r  clk (IN)
                         net (fo=0)                   0.000     0.000    clk
    E3                   IBUF (Prop_ibuf_I_O)         1.482     1.482 r  clk_IBUF_inst/O
                         net (fo=1, routed)           2.025     3.506    clk_IBUF
    BUFGCTRL_X0Y16       BUFG (Prop_bufg_I_O)         0.096     3.602 r  clk_IBUF_BUFG_inst/O
                         net (fo=26, routed)          1.715     5.318    clk_IBUF_BUFG
    SLICE_X6Y82          FDCE                                         r  clk_div_reg[16]/C
  -------------------------------------------------------------------    -------------------
    SLICE_X6Y82          FDCE (Prop_fdce_C_Q)         0.478     5.796 f  clk_div_reg[16]/Q
                         net (fo=2, routed)           1.000     6.795    clk_div_reg_n_0_[16]
    SLICE_X6Y82          LUT6 (Prop_lut6_I1_O)        0.301     7.096 f  clk_div[20]_i_4/O
                         net (fo=1, routed)           0.800     7.896    clk_div[20]_i_4_n_0
    SLICE_X6Y81          LUT5 (Prop_lut5_I0_O)        0.124     8.020 f  clk_div[20]_i_3/O
                         net (fo=24, routed)          1.029     9.049    digit_index
    SLICE_X6Y79          LUT2 (Prop_lut2_I1_O)        0.146     9.195 r  clk_div[3]_i_1/O
                         net (fo=1, routed)           0.000     9.195    clk_div[3]
    SLICE_X6Y79          FDCE                                         r  clk_div_reg[3]/D
  -------------------------------------------------------------------    -------------------

                         (clock sys_clk_pin rise edge)
                                                     10.000    10.000 r  
    E3                                                0.000    10.000 r  clk (IN)
                         net (fo=0)                   0.000    10.000    clk
    E3                   IBUF (Prop_ibuf_I_O)         1.411    11.411 r  clk_IBUF_inst/O
                         net (fo=1, routed)           1.920    13.331    clk_IBUF
    BUFGCTRL_X0Y16       BUFG (Prop_bufg_I_O)         0.091    13.422 r  clk_IBUF_BUFG_inst/O
                         net (fo=26, routed)          1.592    15.015    clk_IBUF_BUFG
    SLICE_X6Y79          FDCE                                         r  clk_div_reg[3]/C
                         clock pessimism              0.276    15.291    
                         clock uncertainty           -0.035    15.255    
    SLICE_X6Y79          FDCE (Setup_fdce_C_D)        0.118    15.373    clk_div_reg[3]
  -------------------------------------------------------------------
                         required time                         15.373    
                         arrival time                          -9.195    
  -------------------------------------------------------------------
                         slack                                  6.179    

Slack (MET) :             6.304ns  (required time - arrival time)
  Source:                 clk_div_reg[16]/C
                            (rising edge-triggered cell FDCE clocked by sys_clk_pin  {rise@0.000ns fall@5.000ns period=10.000ns})
  Destination:            digit_index_reg[1]/D
                            (rising edge-triggered cell FDCE clocked by sys_clk_pin  {rise@0.000ns fall@5.000ns period=10.000ns})
  Path Group:             sys_clk_pin
  Path Type:              Setup (Max at Slow Process Corner)
  Requirement:            10.000ns  (sys_clk_pin rise@10.000ns - sys_clk_pin rise@0.000ns)
  Data Path Delay:        3.713ns  (logic 1.027ns (27.660%)  route 2.686ns (72.340%))
  Logic Levels:           3  (LUT3=1 LUT5=1 LUT6=1)
  Clock Path Skew:        -0.027ns (DCD - SCD + CPR)
    Destination Clock Delay (DCD):    5.015ns = ( 15.015 - 10.000 ) 
    Source Clock Delay      (SCD):    5.318ns
    Clock Pessimism Removal (CPR):    0.276ns
  Clock Uncertainty:      0.035ns  ((TSJ^2 + TIJ^2)^1/2 + DJ) / 2 + PE
    Total System Jitter     (TSJ):    0.071ns
    Total Input Jitter      (TIJ):    0.000ns
    Discrete Jitter          (DJ):    0.000ns
    Phase Error              (PE):    0.000ns

    Location             Delay type                Incr(ns)  Path(ns)    Netlist Resource(s)
  -------------------------------------------------------------------    -------------------
                         (clock sys_clk_pin rise edge)
                                                      0.000     0.000 r  
    E3                                                0.000     0.000 r  clk (IN)
                         net (fo=0)                   0.000     0.000    clk
    E3                   IBUF (Prop_ibuf_I_O)         1.482     1.482 r  clk_IBUF_inst/O
                         net (fo=1, routed)           2.025     3.506    clk_IBUF
    BUFGCTRL_X0Y16       BUFG (Prop_bufg_I_O)         0.096     3.602 r  clk_IBUF_BUFG_inst/O
                         net (fo=26, routed)          1.715     5.318    clk_IBUF_BUFG
    SLICE_X6Y82          FDCE                                         r  clk_div_reg[16]/C
  -------------------------------------------------------------------    -------------------
    SLICE_X6Y82          FDCE (Prop_fdce_C_Q)         0.478     5.796 r  clk_div_reg[16]/Q
                         net (fo=2, routed)           1.000     6.795    clk_div_reg_n_0_[16]
    SLICE_X6Y82          LUT6 (Prop_lut6_I1_O)        0.301     7.096 r  clk_div[20]_i_4/O
                         net (fo=1, routed)           0.800     7.896    clk_div[20]_i_4_n_0
    SLICE_X6Y81          LUT5 (Prop_lut5_I0_O)        0.124     8.020 r  clk_div[20]_i_3/O
                         net (fo=24, routed)          0.887     8.907    digit_index
    SLICE_X6Y80          LUT3 (Prop_lut3_I1_O)        0.124     9.031 r  digit_index[1]_i_1/O
                         net (fo=1, routed)           0.000     9.031    digit_index[1]_i_1_n_0
    SLICE_X6Y80          FDCE                                         r  digit_index_reg[1]/D
  -------------------------------------------------------------------    -------------------

                         (clock sys_clk_pin rise edge)
                                                     10.000    10.000 r  
    E3                                                0.000    10.000 r  clk (IN)
                         net (fo=0)                   0.000    10.000    clk
    E3                   IBUF (Prop_ibuf_I_O)         1.411    11.411 r  clk_IBUF_inst/O
                         net (fo=1, routed)           1.920    13.331    clk_IBUF
    BUFGCTRL_X0Y16       BUFG (Prop_bufg_I_O)         0.091    13.422 r  clk_IBUF_BUFG_inst/O
                         net (fo=26, routed)          1.592    15.015    clk_IBUF_BUFG
    SLICE_X6Y80          FDCE                                         r  digit_index_reg[1]/C
                         clock pessimism              0.276    15.291    
                         clock uncertainty           -0.035    15.255    
    SLICE_X6Y80          FDCE (Setup_fdce_C_D)        0.079    15.334    digit_index_reg[1]
  -------------------------------------------------------------------
                         required time                         15.334    
                         arrival time                          -9.031    
  -------------------------------------------------------------------
                         slack                                  6.304    

Slack (MET) :             6.310ns  (required time - arrival time)
  Source:                 clk_div_reg[16]/C
                            (rising edge-triggered cell FDCE clocked by sys_clk_pin  {rise@0.000ns fall@5.000ns period=10.000ns})
  Destination:            digit_index_reg[2]/D
                            (rising edge-triggered cell FDCE clocked by sys_clk_pin  {rise@0.000ns fall@5.000ns period=10.000ns})
  Path Group:             sys_clk_pin
  Path Type:              Setup (Max at Slow Process Corner)
  Requirement:            10.000ns  (sys_clk_pin rise@10.000ns - sys_clk_pin rise@0.000ns)
  Data Path Delay:        3.746ns  (logic 1.060ns (28.297%)  route 2.686ns (71.703%))
  Logic Levels:           3  (LUT4=1 LUT5=1 LUT6=1)
  Clock Path Skew:        -0.027ns (DCD - SCD + CPR)
    Destination Clock Delay (DCD):    5.015ns = ( 15.015 - 10.000 ) 
    Source Clock Delay      (SCD):    5.318ns
    Clock Pessimism Removal (CPR):    0.276ns
  Clock Uncertainty:      0.035ns  ((TSJ^2 + TIJ^2)^1/2 + DJ) / 2 + PE
    Total System Jitter     (TSJ):    0.071ns
    Total Input Jitter      (TIJ):    0.000ns
    Discrete Jitter          (DJ):    0.000ns
    Phase Error              (PE):    0.000ns

    Location             Delay type                Incr(ns)  Path(ns)    Netlist Resource(s)
  -------------------------------------------------------------------    -------------------
                         (clock sys_clk_pin rise edge)
                                                      0.000     0.000 r  
    E3                                                0.000     0.000 r  clk (IN)
                         net (fo=0)                   0.000     0.000    clk
    E3                   IBUF (Prop_ibuf_I_O)         1.482     1.482 r  clk_IBUF_inst/O
                         net (fo=1, routed)           2.025     3.506    clk_IBUF
    BUFGCTRL_X0Y16       BUFG (Prop_bufg_I_O)         0.096     3.602 r  clk_IBUF_BUFG_inst/O
                         net (fo=26, routed)          1.715     5.318    clk_IBUF_BUFG
    SLICE_X6Y82          FDCE                                         r  clk_div_reg[16]/C
  -------------------------------------------------------------------    -------------------
    SLICE_X6Y82          FDCE (Prop_fdce_C_Q)         0.478     5.796 r  clk_div_reg[16]/Q
                         net (fo=2, routed)           1.000     6.795    clk_div_reg_n_0_[16]
    SLICE_X6Y82          LUT6 (Prop_lut6_I1_O)        0.301     7.096 r  clk_div[20]_i_4/O
                         net (fo=1, routed)           0.800     7.896    clk_div[20]_i_4_n_0
    SLICE_X6Y81          LUT5 (Prop_lut5_I0_O)        0.124     8.020 r  clk_div[20]_i_3/O
                         net (fo=24, routed)          0.887     8.907    digit_index
    SLICE_X6Y80          LUT4 (Prop_lut4_I2_O)        0.157     9.064 r  digit_index[2]_i_1/O
                         net (fo=1, routed)           0.000     9.064    digit_index[2]_i_1_n_0
    SLICE_X6Y80          FDCE                                         r  digit_index_reg[2]/D
  -------------------------------------------------------------------    -------------------

                         (clock sys_clk_pin rise edge)
                                                     10.000    10.000 r  
    E3                                                0.000    10.000 r  clk (IN)
                         net (fo=0)                   0.000    10.000    clk
    E3                   IBUF (Prop_ibuf_I_O)         1.411    11.411 r  clk_IBUF_inst/O
                         net (fo=1, routed)           1.920    13.331    clk_IBUF
    BUFGCTRL_X0Y16       BUFG (Prop_bufg_I_O)         0.091    13.422 r  clk_IBUF_BUFG_inst/O
                         net (fo=26, routed)          1.592    15.015    clk_IBUF_BUFG
    SLICE_X6Y80          FDCE                                         r  digit_index_reg[2]/C
                         clock pessimism              0.276    15.291    
                         clock uncertainty           -0.035    15.255    
    SLICE_X6Y80          FDCE (Setup_fdce_C_D)        0.118    15.373    digit_index_reg[2]
  -------------------------------------------------------------------
                         required time                         15.373    
                         arrival time                          -9.064    
  -------------------------------------------------------------------
                         slack                                  6.310    

Slack (MET) :             6.318ns  (required time - arrival time)
  Source:                 clk_div_reg[16]/C
                            (rising edge-triggered cell FDCE clocked by sys_clk_pin  {rise@0.000ns fall@5.000ns period=10.000ns})
  Destination:            clk_div_reg[6]/D
                            (rising edge-triggered cell FDCE clocked by sys_clk_pin  {rise@0.000ns fall@5.000ns period=10.000ns})
  Path Group:             sys_clk_pin
  Path Type:              Setup (Max at Slow Process Corner)
  Requirement:            10.000ns  (sys_clk_pin rise@10.000ns - sys_clk_pin rise@0.000ns)
  Data Path Delay:        3.699ns  (logic 1.027ns (27.764%)  route 2.672ns (72.236%))
  Logic Levels:           3  (LUT2=1 LUT5=1 LUT6=1)
  Clock Path Skew:        -0.027ns (DCD - SCD + CPR)
    Destination Clock Delay (DCD):    5.015ns = ( 15.015 - 10.000 ) 
    Source Clock Delay      (SCD):    5.318ns
    Clock Pessimism Removal (CPR):    0.276ns
  Clock Uncertainty:      0.035ns  ((TSJ^2 + TIJ^2)^1/2 + DJ) / 2 + PE
    Total System Jitter     (TSJ):    0.071ns
    Total Input Jitter      (TIJ):    0.000ns
    Discrete Jitter          (DJ):    0.000ns
    Phase Error              (PE):    0.000ns

    Location             Delay type                Incr(ns)  Path(ns)    Netlist Resource(s)
  -------------------------------------------------------------------    -------------------
                         (clock sys_clk_pin rise edge)
                                                      0.000     0.000 r  
    E3                                                0.000     0.000 r  clk (IN)
                         net (fo=0)                   0.000     0.000    clk
    E3                   IBUF (Prop_ibuf_I_O)         1.482     1.482 r  clk_IBUF_inst/O
                         net (fo=1, routed)           2.025     3.506    clk_IBUF
    BUFGCTRL_X0Y16       BUFG (Prop_bufg_I_O)         0.096     3.602 r  clk_IBUF_BUFG_inst/O
                         net (fo=26, routed)          1.715     5.318    clk_IBUF_BUFG
    SLICE_X6Y82          FDCE                                         r  clk_div_reg[16]/C
  -------------------------------------------------------------------    -------------------
    SLICE_X6Y82          FDCE (Prop_fdce_C_Q)         0.478     5.796 f  clk_div_reg[16]/Q
                         net (fo=2, routed)           1.000     6.795    clk_div_reg_n_0_[16]
    SLICE_X6Y82          LUT6 (Prop_lut6_I1_O)        0.301     7.096 f  clk_div[20]_i_4/O
                         net (fo=1, routed)           0.800     7.896    clk_div[20]_i_4_n_0
    SLICE_X6Y81          LUT5 (Prop_lut5_I0_O)        0.124     8.020 f  clk_div[20]_i_3/O
                         net (fo=24, routed)          0.873     8.893    digit_index
    SLICE_X6Y80          LUT2 (Prop_lut2_I1_O)        0.124     9.017 r  clk_div[6]_i_1/O
                         net (fo=1, routed)           0.000     9.017    clk_div[6]
    SLICE_X6Y80          FDCE                                         r  clk_div_reg[6]/D
  -------------------------------------------------------------------    -------------------

                         (clock sys_clk_pin rise edge)
                                                     10.000    10.000 r  
    E3                                                0.000    10.000 r  clk (IN)
                         net (fo=0)                   0.000    10.000    clk
    E3                   IBUF (Prop_ibuf_I_O)         1.411    11.411 r  clk_IBUF_inst/O
                         net (fo=1, routed)           1.920    13.331    clk_IBUF
    BUFGCTRL_X0Y16       BUFG (Prop_bufg_I_O)         0.091    13.422 r  clk_IBUF_BUFG_inst/O
                         net (fo=26, routed)          1.592    15.015    clk_IBUF_BUFG
    SLICE_X6Y80          FDCE                                         r  clk_div_reg[6]/C
                         clock pessimism              0.276    15.291    
                         clock uncertainty           -0.035    15.255    
    SLICE_X6Y80          FDCE (Setup_fdce_C_D)        0.079    15.334    clk_div_reg[6]
  -------------------------------------------------------------------
                         required time                         15.334    
                         arrival time                          -9.017    
  -------------------------------------------------------------------
                         slack                                  6.318    

Slack (MET) :             6.321ns  (required time - arrival time)
  Source:                 clk_div_reg[16]/C
                            (rising edge-triggered cell FDCE clocked by sys_clk_pin  {rise@0.000ns fall@5.000ns period=10.000ns})
  Destination:            clk_div_reg[5]/D
                            (rising edge-triggered cell FDCE clocked by sys_clk_pin  {rise@0.000ns fall@5.000ns period=10.000ns})
  Path Group:             sys_clk_pin
  Path Type:              Setup (Max at Slow Process Corner)
  Requirement:            10.000ns  (sys_clk_pin rise@10.000ns - sys_clk_pin rise@0.000ns)
  Data Path Delay:        3.698ns  (logic 1.027ns (27.773%)  route 2.671ns (72.227%))
  Logic Levels:           3  (LUT2=1 LUT5=1 LUT6=1)
  Clock Path Skew:        -0.027ns (DCD - SCD + CPR)
    Destination Clock Delay (DCD):    5.015ns = ( 15.015 - 10.000 ) 
    Source Clock Delay      (SCD):    5.318ns
    Clock Pessimism Removal (CPR):    0.276ns
  Clock Uncertainty:      0.035ns  ((TSJ^2 + TIJ^2)^1/2 + DJ) / 2 + PE
    Total System Jitter     (TSJ):    0.071ns
    Total Input Jitter      (TIJ):    0.000ns
    Discrete Jitter          (DJ):    0.000ns
    Phase Error              (PE):    0.000ns

    Location             Delay type                Incr(ns)  Path(ns)    Netlist Resource(s)
  -------------------------------------------------------------------    -------------------
                         (clock sys_clk_pin rise edge)
                                                      0.000     0.000 r  
    E3                                                0.000     0.000 r  clk (IN)
                         net (fo=0)                   0.000     0.000    clk
    E3                   IBUF (Prop_ibuf_I_O)         1.482     1.482 r  clk_IBUF_inst/O
                         net (fo=1, routed)           2.025     3.506    clk_IBUF
    BUFGCTRL_X0Y16       BUFG (Prop_bufg_I_O)         0.096     3.602 r  clk_IBUF_BUFG_inst/O
                         net (fo=26, routed)          1.715     5.318    clk_IBUF_BUFG
    SLICE_X6Y82          FDCE                                         r  clk_div_reg[16]/C
  -------------------------------------------------------------------    -------------------
    SLICE_X6Y82          FDCE (Prop_fdce_C_Q)         0.478     5.796 f  clk_div_reg[16]/Q
                         net (fo=2, routed)           1.000     6.795    clk_div_reg_n_0_[16]
    SLICE_X6Y82          LUT6 (Prop_lut6_I1_O)        0.301     7.096 f  clk_div[20]_i_4/O
                         net (fo=1, routed)           0.800     7.896    clk_div[20]_i_4_n_0
    SLICE_X6Y81          LUT5 (Prop_lut5_I0_O)        0.124     8.020 f  clk_div[20]_i_3/O
                         net (fo=24, routed)          0.872     8.892    digit_index
    SLICE_X6Y80          LUT2 (Prop_lut2_I1_O)        0.124     9.016 r  clk_div[5]_i_1/O
                         net (fo=1, routed)           0.000     9.016    clk_div[5]
    SLICE_X6Y80          FDCE                                         r  clk_div_reg[5]/D
  -------------------------------------------------------------------    -------------------

                         (clock sys_clk_pin rise edge)
                                                     10.000    10.000 r  
    E3                                                0.000    10.000 r  clk (IN)
                         net (fo=0)                   0.000    10.000    clk
    E3                   IBUF (Prop_ibuf_I_O)         1.411    11.411 r  clk_IBUF_inst/O
                         net (fo=1, routed)           1.920    13.331    clk_IBUF
    BUFGCTRL_X0Y16       BUFG (Prop_bufg_I_O)         0.091    13.422 r  clk_IBUF_BUFG_inst/O
                         net (fo=26, routed)          1.592    15.015    clk_IBUF_BUFG
    SLICE_X6Y80          FDCE                                         r  clk_div_reg[5]/C
                         clock pessimism              0.276    15.291    
                         clock uncertainty           -0.035    15.255    
    SLICE_X6Y80          FDCE (Setup_fdce_C_D)        0.081    15.336    clk_div_reg[5]
  -------------------------------------------------------------------
                         required time                         15.336    
                         arrival time                          -9.016    
  -------------------------------------------------------------------
                         slack                                  6.321    

Slack (MET) :             6.328ns  (required time - arrival time)
  Source:                 clk_div_reg[16]/C
                            (rising edge-triggered cell FDCE clocked by sys_clk_pin  {rise@0.000ns fall@5.000ns period=10.000ns})
  Destination:            clk_div_reg[8]/D
                            (rising edge-triggered cell FDCE clocked by sys_clk_pin  {rise@0.000ns fall@5.000ns period=10.000ns})
  Path Group:             sys_clk_pin
  Path Type:              Setup (Max at Slow Process Corner)
  Requirement:            10.000ns  (sys_clk_pin rise@10.000ns - sys_clk_pin rise@0.000ns)
  Data Path Delay:        3.728ns  (logic 1.056ns (28.326%)  route 2.672ns (71.674%))
  Logic Levels:           3  (LUT2=1 LUT5=1 LUT6=1)
  Clock Path Skew:        -0.027ns (DCD - SCD + CPR)
    Destination Clock Delay (DCD):    5.015ns = ( 15.015 - 10.000 ) 
    Source Clock Delay      (SCD):    5.318ns
    Clock Pessimism Removal (CPR):    0.276ns
  Clock Uncertainty:      0.035ns  ((TSJ^2 + TIJ^2)^1/2 + DJ) / 2 + PE
    Total System Jitter     (TSJ):    0.071ns
    Total Input Jitter      (TIJ):    0.000ns
    Discrete Jitter          (DJ):    0.000ns
    Phase Error              (PE):    0.000ns

    Location             Delay type                Incr(ns)  Path(ns)    Netlist Resource(s)
  -------------------------------------------------------------------    -------------------
                         (clock sys_clk_pin rise edge)
                                                      0.000     0.000 r  
    E3                                                0.000     0.000 r  clk (IN)
                         net (fo=0)                   0.000     0.000    clk
    E3                   IBUF (Prop_ibuf_I_O)         1.482     1.482 r  clk_IBUF_inst/O
                         net (fo=1, routed)           2.025     3.506    clk_IBUF
    BUFGCTRL_X0Y16       BUFG (Prop_bufg_I_O)         0.096     3.602 r  clk_IBUF_BUFG_inst/O
                         net (fo=26, routed)          1.715     5.318    clk_IBUF_BUFG
    SLICE_X6Y82          FDCE                                         r  clk_div_reg[16]/C
  -------------------------------------------------------------------    -------------------
    SLICE_X6Y82          FDCE (Prop_fdce_C_Q)         0.478     5.796 f  clk_div_reg[16]/Q
                         net (fo=2, routed)           1.000     6.795    clk_div_reg_n_0_[16]
    SLICE_X6Y82          LUT6 (Prop_lut6_I1_O)        0.301     7.096 f  clk_div[20]_i_4/O
                         net (fo=1, routed)           0.800     7.896    clk_div[20]_i_4_n_0
    SLICE_X6Y81          LUT5 (Prop_lut5_I0_O)        0.124     8.020 f  clk_div[20]_i_3/O
                         net (fo=24, routed)          0.873     8.893    digit_index
    SLICE_X6Y80          LUT2 (Prop_lut2_I1_O)        0.153     9.046 r  clk_div[8]_i_1/O
                         net (fo=1, routed)           0.000     9.046    clk_div[8]
    SLICE_X6Y80          FDCE                                         r  clk_div_reg[8]/D
  -------------------------------------------------------------------    -------------------

                         (clock sys_clk_pin rise edge)
                                                     10.000    10.000 r  
    E3                                                0.000    10.000 r  clk (IN)
                         net (fo=0)                   0.000    10.000    clk
    E3                   IBUF (Prop_ibuf_I_O)         1.411    11.411 r  clk_IBUF_inst/O
                         net (fo=1, routed)           1.920    13.331    clk_IBUF
    BUFGCTRL_X0Y16       BUFG (Prop_bufg_I_O)         0.091    13.422 r  clk_IBUF_BUFG_inst/O
                         net (fo=26, routed)          1.592    15.015    clk_IBUF_BUFG
    SLICE_X6Y80          FDCE                                         r  clk_div_reg[8]/C
                         clock pessimism              0.276    15.291    
                         clock uncertainty           -0.035    15.255    
    SLICE_X6Y80          FDCE (Setup_fdce_C_D)        0.118    15.373    clk_div_reg[8]
  -------------------------------------------------------------------
                         required time                         15.373    
                         arrival time                          -9.046    
  -------------------------------------------------------------------
                         slack                                  6.328    

Slack (MET) :             6.330ns  (required time - arrival time)
  Source:                 clk_div_reg[16]/C
                            (rising edge-triggered cell FDCE clocked by sys_clk_pin  {rise@0.000ns fall@5.000ns period=10.000ns})
  Destination:            clk_div_reg[7]/D
                            (rising edge-triggered cell FDCE clocked by sys_clk_pin  {rise@0.000ns fall@5.000ns period=10.000ns})
  Path Group:             sys_clk_pin
  Path Type:              Setup (Max at Slow Process Corner)
  Requirement:            10.000ns  (sys_clk_pin rise@10.000ns - sys_clk_pin rise@0.000ns)
  Data Path Delay:        3.726ns  (logic 1.055ns (28.316%)  route 2.671ns (71.684%))
  Logic Levels:           3  (LUT2=1 LUT5=1 LUT6=1)
  Clock Path Skew:        -0.027ns (DCD - SCD + CPR)
    Destination Clock Delay (DCD):    5.015ns = ( 15.015 - 10.000 ) 
    Source Clock Delay      (SCD):    5.318ns
    Clock Pessimism Removal (CPR):    0.276ns
  Clock Uncertainty:      0.035ns  ((TSJ^2 + TIJ^2)^1/2 + DJ) / 2 + PE
    Total System Jitter     (TSJ):    0.071ns
    Total Input Jitter      (TIJ):    0.000ns
    Discrete Jitter          (DJ):    0.000ns
    Phase Error              (PE):    0.000ns

    Location             Delay type                Incr(ns)  Path(ns)    Netlist Resource(s)
  -------------------------------------------------------------------    -------------------
                         (clock sys_clk_pin rise edge)
                                                      0.000     0.000 r  
    E3                                                0.000     0.000 r  clk (IN)
                         net (fo=0)                   0.000     0.000    clk
    E3                   IBUF (Prop_ibuf_I_O)         1.482     1.482 r  clk_IBUF_inst/O
                         net (fo=1, routed)           2.025     3.506    clk_IBUF
    BUFGCTRL_X0Y16       BUFG (Prop_bufg_I_O)         0.096     3.602 r  clk_IBUF_BUFG_inst/O
                         net (fo=26, routed)          1.715     5.318    clk_IBUF_BUFG
    SLICE_X6Y82          FDCE                                         r  clk_div_reg[16]/C
  -------------------------------------------------------------------    -------------------
    SLICE_X6Y82          FDCE (Prop_fdce_C_Q)         0.478     5.796 f  clk_div_reg[16]/Q
                         net (fo=2, routed)           1.000     6.795    clk_div_reg_n_0_[16]
    SLICE_X6Y82          LUT6 (Prop_lut6_I1_O)        0.301     7.096 f  clk_div[20]_i_4/O
                         net (fo=1, routed)           0.800     7.896    clk_div[20]_i_4_n_0
    SLICE_X6Y81          LUT5 (Prop_lut5_I0_O)        0.124     8.020 f  clk_div[20]_i_3/O
                         net (fo=24, routed)          0.872     8.892    digit_index
    SLICE_X6Y80          LUT2 (Prop_lut2_I1_O)        0.152     9.044 r  clk_div[7]_i_1/O
                         net (fo=1, routed)           0.000     9.044    clk_div[7]
    SLICE_X6Y80          FDCE                                         r  clk_div_reg[7]/D
  -------------------------------------------------------------------    -------------------

                         (clock sys_clk_pin rise edge)
                                                     10.000    10.000 r  
    E3                                                0.000    10.000 r  clk (IN)
                         net (fo=0)                   0.000    10.000    clk
    E3                   IBUF (Prop_ibuf_I_O)         1.411    11.411 r  clk_IBUF_inst/O
                         net (fo=1, routed)           1.920    13.331    clk_IBUF
    BUFGCTRL_X0Y16       BUFG (Prop_bufg_I_O)         0.091    13.422 r  clk_IBUF_BUFG_inst/O
                         net (fo=26, routed)          1.592    15.015    clk_IBUF_BUFG
    SLICE_X6Y80          FDCE                                         r  clk_div_reg[7]/C
                         clock pessimism              0.276    15.291    
                         clock uncertainty           -0.035    15.255    
    SLICE_X6Y80          FDCE (Setup_fdce_C_D)        0.118    15.373    clk_div_reg[7]
  -------------------------------------------------------------------
                         required time                         15.373    
                         arrival time                          -9.044    
  -------------------------------------------------------------------
                         slack                                  6.330    

Slack (MET) :             6.371ns  (required time - arrival time)
  Source:                 clk_div_reg[16]/C
                            (rising edge-triggered cell FDCE clocked by sys_clk_pin  {rise@0.000ns fall@5.000ns period=10.000ns})
  Destination:            clk_div_reg[17]/D
                            (rising edge-triggered cell FDCE clocked by sys_clk_pin  {rise@0.000ns fall@5.000ns period=10.000ns})
  Path Group:             sys_clk_pin
  Path Type:              Setup (Max at Slow Process Corner)
  Requirement:            10.000ns  (sys_clk_pin rise@10.000ns - sys_clk_pin rise@0.000ns)
  Data Path Delay:        3.648ns  (logic 1.027ns (28.153%)  route 2.621ns (71.847%))
  Logic Levels:           3  (LUT2=1 LUT5=1 LUT6=1)
  Clock Path Skew:        -0.023ns (DCD - SCD + CPR)
    Destination Clock Delay (DCD):    5.019ns = ( 15.019 - 10.000 ) 
    Source Clock Delay      (SCD):    5.318ns
    Clock Pessimism Removal (CPR):    0.276ns
  Clock Uncertainty:      0.035ns  ((TSJ^2 + TIJ^2)^1/2 + DJ) / 2 + PE
    Total System Jitter     (TSJ):    0.071ns
    Total Input Jitter      (TIJ):    0.000ns
    Discrete Jitter          (DJ):    0.000ns
    Phase Error              (PE):    0.000ns

    Location             Delay type                Incr(ns)  Path(ns)    Netlist Resource(s)
  -------------------------------------------------------------------    -------------------
                         (clock sys_clk_pin rise edge)
                                                      0.000     0.000 r  
    E3                                                0.000     0.000 r  clk (IN)
                         net (fo=0)                   0.000     0.000    clk
    E3                   IBUF (Prop_ibuf_I_O)         1.482     1.482 r  clk_IBUF_inst/O
                         net (fo=1, routed)           2.025     3.506    clk_IBUF
    BUFGCTRL_X0Y16       BUFG (Prop_bufg_I_O)         0.096     3.602 r  clk_IBUF_BUFG_inst/O
                         net (fo=26, routed)          1.715     5.318    clk_IBUF_BUFG
    SLICE_X6Y82          FDCE                                         r  clk_div_reg[16]/C
  -------------------------------------------------------------------    -------------------
    SLICE_X6Y82          FDCE (Prop_fdce_C_Q)         0.478     5.796 f  clk_div_reg[16]/Q
                         net (fo=2, routed)           1.000     6.795    clk_div_reg_n_0_[16]
    SLICE_X6Y82          LUT6 (Prop_lut6_I1_O)        0.301     7.096 f  clk_div[20]_i_4/O
                         net (fo=1, routed)           0.800     7.896    clk_div[20]_i_4_n_0
    SLICE_X6Y81          LUT5 (Prop_lut5_I0_O)        0.124     8.020 f  clk_div[20]_i_3/O
                         net (fo=24, routed)          0.822     8.842    digit_index
    SLICE_X6Y83          LUT2 (Prop_lut2_I1_O)        0.124     8.966 r  clk_div[17]_i_1/O
                         net (fo=1, routed)           0.000     8.966    clk_div[17]
    SLICE_X6Y83          FDCE                                         r  clk_div_reg[17]/D
  -------------------------------------------------------------------    -------------------

                         (clock sys_clk_pin rise edge)
                                                     10.000    10.000 r  
    E3                                                0.000    10.000 r  clk (IN)
                         net (fo=0)                   0.000    10.000    clk
    E3                   IBUF (Prop_ibuf_I_O)         1.411    11.411 r  clk_IBUF_inst/O
                         net (fo=1, routed)           1.920    13.331    clk_IBUF
    BUFGCTRL_X0Y16       BUFG (Prop_bufg_I_O)         0.091    13.422 r  clk_IBUF_BUFG_inst/O
                         net (fo=26, routed)          1.596    15.019    clk_IBUF_BUFG
    SLICE_X6Y83          FDCE                                         r  clk_div_reg[17]/C
                         clock pessimism              0.276    15.295    
                         clock uncertainty           -0.035    15.259    
    SLICE_X6Y83          FDCE (Setup_fdce_C_D)        0.077    15.336    clk_div_reg[17]
  -------------------------------------------------------------------
                         required time                         15.336    
                         arrival time                          -8.966    
  -------------------------------------------------------------------
                         slack                                  6.371    





Min Delay Paths
--------------------------------------------------------------------------------------
Slack (MET) :             0.267ns  (arrival time - required time)
  Source:                 digit_index_reg[2]/C
                            (rising edge-triggered cell FDCE clocked by sys_clk_pin  {rise@0.000ns fall@5.000ns period=10.000ns})
  Destination:            digit_index_reg[2]/D
                            (rising edge-triggered cell FDCE clocked by sys_clk_pin  {rise@0.000ns fall@5.000ns period=10.000ns})
  Path Group:             sys_clk_pin
  Path Type:              Hold (Min at Fast Process Corner)
  Requirement:            0.000ns  (sys_clk_pin rise@0.000ns - sys_clk_pin rise@0.000ns)
  Data Path Delay:        0.398ns  (logic 0.250ns (62.851%)  route 0.148ns (37.149%))
  Logic Levels:           1  (LUT4=1)
  Clock Path Skew:        0.000ns (DCD - SCD - CPR)
    Destination Clock Delay (DCD):    2.029ns
    Source Clock Delay      (SCD):    1.514ns
    Clock Pessimism Removal (CPR):    0.514ns

    Location             Delay type                Incr(ns)  Path(ns)    Netlist Resource(s)
  -------------------------------------------------------------------    -------------------
                         (clock sys_clk_pin rise edge)
                                                      0.000     0.000 r  
    E3                                                0.000     0.000 r  clk (IN)
                         net (fo=0)                   0.000     0.000    clk
    E3                   IBUF (Prop_ibuf_I_O)         0.250     0.250 r  clk_IBUF_inst/O
                         net (fo=1, routed)           0.644     0.894    clk_IBUF
    BUFGCTRL_X0Y16       BUFG (Prop_bufg_I_O)         0.026     0.920 r  clk_IBUF_BUFG_inst/O
                         net (fo=26, routed)          0.595     1.514    clk_IBUF_BUFG
    SLICE_X6Y80          FDCE                                         r  digit_index_reg[2]/C
  -------------------------------------------------------------------    -------------------
    SLICE_X6Y80          FDCE (Prop_fdce_C_Q)         0.148     1.662 r  digit_index_reg[2]/Q
                         net (fo=5, routed)           0.148     1.810    digit_index_reg_n_0_[2]
    SLICE_X6Y80          LUT4 (Prop_lut4_I3_O)        0.102     1.912 r  digit_index[2]_i_1/O
                         net (fo=1, routed)           0.000     1.912    digit_index[2]_i_1_n_0
    SLICE_X6Y80          FDCE                                         r  digit_index_reg[2]/D
  -------------------------------------------------------------------    -------------------

                         (clock sys_clk_pin rise edge)
                                                      0.000     0.000 r  
    E3                                                0.000     0.000 r  clk (IN)
                         net (fo=0)                   0.000     0.000    clk
    E3                   IBUF (Prop_ibuf_I_O)         0.438     0.438 r  clk_IBUF_inst/O
                         net (fo=1, routed)           0.699     1.136    clk_IBUF
    BUFGCTRL_X0Y16       BUFG (Prop_bufg_I_O)         0.029     1.165 r  clk_IBUF_BUFG_inst/O
                         net (fo=26, routed)          0.864     2.029    clk_IBUF_BUFG
    SLICE_X6Y80          FDCE                                         r  digit_index_reg[2]/C
                         clock pessimism             -0.514     1.514    
    SLICE_X6Y80          FDCE (Hold_fdce_C_D)         0.131     1.645    digit_index_reg[2]
  -------------------------------------------------------------------
                         required time                         -1.645    
                         arrival time                           1.912    
  -------------------------------------------------------------------
                         slack                                  0.267    

Slack (MET) :             0.339ns  (arrival time - required time)
  Source:                 digit_index_reg[0]/C
                            (rising edge-triggered cell FDCE clocked by sys_clk_pin  {rise@0.000ns fall@5.000ns period=10.000ns})
  Destination:            digit_index_reg[0]/D
                            (rising edge-triggered cell FDCE clocked by sys_clk_pin  {rise@0.000ns fall@5.000ns period=10.000ns})
  Path Group:             sys_clk_pin
  Path Type:              Hold (Min at Fast Process Corner)
  Requirement:            0.000ns  (sys_clk_pin rise@0.000ns - sys_clk_pin rise@0.000ns)
  Data Path Delay:        0.431ns  (logic 0.186ns (43.178%)  route 0.245ns (56.822%))
  Logic Levels:           1  (LUT2=1)
  Clock Path Skew:        0.000ns (DCD - SCD - CPR)
    Destination Clock Delay (DCD):    2.030ns
    Source Clock Delay      (SCD):    1.515ns
    Clock Pessimism Removal (CPR):    0.514ns

    Location             Delay type                Incr(ns)  Path(ns)    Netlist Resource(s)
  -------------------------------------------------------------------    -------------------
                         (clock sys_clk_pin rise edge)
                                                      0.000     0.000 r  
    E3                                                0.000     0.000 r  clk (IN)
                         net (fo=0)                   0.000     0.000    clk
    E3                   IBUF (Prop_ibuf_I_O)         0.250     0.250 r  clk_IBUF_inst/O
                         net (fo=1, routed)           0.644     0.894    clk_IBUF
    BUFGCTRL_X0Y16       BUFG (Prop_bufg_I_O)         0.026     0.920 r  clk_IBUF_BUFG_inst/O
                         net (fo=26, routed)          0.596     1.515    clk_IBUF_BUFG
    SLICE_X5Y81          FDCE                                         r  digit_index_reg[0]/C
  -------------------------------------------------------------------    -------------------
    SLICE_X5Y81          FDCE (Prop_fdce_C_Q)         0.141     1.656 r  digit_index_reg[0]/Q
                         net (fo=11, routed)          0.245     1.901    digit_index_reg_n_0_[0]
    SLICE_X5Y81          LUT2 (Prop_lut2_I1_O)        0.045     1.946 r  digit_index[0]_i_1/O
                         net (fo=1, routed)           0.000     1.946    digit_index[0]_i_1_n_0
    SLICE_X5Y81          FDCE                                         r  digit_index_reg[0]/D
  -------------------------------------------------------------------    -------------------

                         (clock sys_clk_pin rise edge)
                                                      0.000     0.000 r  
    E3                                                0.000     0.000 r  clk (IN)
                         net (fo=0)                   0.000     0.000    clk
    E3                   IBUF (Prop_ibuf_I_O)         0.438     0.438 r  clk_IBUF_inst/O
                         net (fo=1, routed)           0.699     1.136    clk_IBUF
    BUFGCTRL_X0Y16       BUFG (Prop_bufg_I_O)         0.029     1.165 r  clk_IBUF_BUFG_inst/O
                         net (fo=26, routed)          0.865     2.030    clk_IBUF_BUFG
    SLICE_X5Y81          FDCE                                         r  digit_index_reg[0]/C
                         clock pessimism             -0.514     1.515    
    SLICE_X5Y81          FDCE (Hold_fdce_C_D)         0.092     1.607    digit_index_reg[0]
  -------------------------------------------------------------------
                         required time                         -1.607    
                         arrival time                           1.946    
  -------------------------------------------------------------------
                         slack                                  0.339    

Slack (MET) :             0.370ns  (arrival time - required time)
  Source:                 digit_index_reg[0]/C
                            (rising edge-triggered cell FDCE clocked by sys_clk_pin  {rise@0.000ns fall@5.000ns period=10.000ns})
  Destination:            digit_index_reg[1]/D
                            (rising edge-triggered cell FDCE clocked by sys_clk_pin  {rise@0.000ns fall@5.000ns period=10.000ns})
  Path Group:             sys_clk_pin
  Path Type:              Hold (Min at Fast Process Corner)
  Requirement:            0.000ns  (sys_clk_pin rise@0.000ns - sys_clk_pin rise@0.000ns)
  Data Path Delay:        0.504ns  (logic 0.186ns (36.927%)  route 0.318ns (63.073%))
  Logic Levels:           1  (LUT3=1)
  Clock Path Skew:        0.013ns (DCD - SCD - CPR)
    Destination Clock Delay (DCD):    2.029ns
    Source Clock Delay      (SCD):    1.515ns
    Clock Pessimism Removal (CPR):    0.500ns

    Location             Delay type                Incr(ns)  Path(ns)    Netlist Resource(s)
  -------------------------------------------------------------------    -------------------
                         (clock sys_clk_pin rise edge)
                                                      0.000     0.000 r  
    E3                                                0.000     0.000 r  clk (IN)
                         net (fo=0)                   0.000     0.000    clk
    E3                   IBUF (Prop_ibuf_I_O)         0.250     0.250 r  clk_IBUF_inst/O
                         net (fo=1, routed)           0.644     0.894    clk_IBUF
    BUFGCTRL_X0Y16       BUFG (Prop_bufg_I_O)         0.026     0.920 r  clk_IBUF_BUFG_inst/O
                         net (fo=26, routed)          0.596     1.515    clk_IBUF_BUFG
    SLICE_X5Y81          FDCE                                         r  digit_index_reg[0]/C
  -------------------------------------------------------------------    -------------------
    SLICE_X5Y81          FDCE (Prop_fdce_C_Q)         0.141     1.656 r  digit_index_reg[0]/Q
                         net (fo=11, routed)          0.318     1.974    digit_index_reg_n_0_[0]
    SLICE_X6Y80          LUT3 (Prop_lut3_I0_O)        0.045     2.019 r  digit_index[1]_i_1/O
                         net (fo=1, routed)           0.000     2.019    digit_index[1]_i_1_n_0
    SLICE_X6Y80          FDCE                                         r  digit_index_reg[1]/D
  -------------------------------------------------------------------    -------------------

                         (clock sys_clk_pin rise edge)
                                                      0.000     0.000 r  
    E3                                                0.000     0.000 r  clk (IN)
                         net (fo=0)                   0.000     0.000    clk
    E3                   IBUF (Prop_ibuf_I_O)         0.438     0.438 r  clk_IBUF_inst/O
                         net (fo=1, routed)           0.699     1.136    clk_IBUF
    BUFGCTRL_X0Y16       BUFG (Prop_bufg_I_O)         0.029     1.165 r  clk_IBUF_BUFG_inst/O
                         net (fo=26, routed)          0.864     2.029    clk_IBUF_BUFG
    SLICE_X6Y80          FDCE                                         r  digit_index_reg[1]/C
                         clock pessimism             -0.500     1.528    
    SLICE_X6Y80          FDCE (Hold_fdce_C_D)         0.121     1.649    digit_index_reg[1]
  -------------------------------------------------------------------
                         required time                         -1.649    
                         arrival time                           2.019    
  -------------------------------------------------------------------
                         slack                                  0.370    

Slack (MET) :             0.488ns  (arrival time - required time)
  Source:                 clk_div_reg[6]/C
                            (rising edge-triggered cell FDCE clocked by sys_clk_pin  {rise@0.000ns fall@5.000ns period=10.000ns})
  Destination:            clk_div_reg[6]/D
                            (rising edge-triggered cell FDCE clocked by sys_clk_pin  {rise@0.000ns fall@5.000ns period=10.000ns})
  Path Group:             sys_clk_pin
  Path Type:              Hold (Min at Fast Process Corner)
  Requirement:            0.000ns  (sys_clk_pin rise@0.000ns - sys_clk_pin rise@0.000ns)
  Data Path Delay:        0.609ns  (logic 0.381ns (62.578%)  route 0.228ns (37.422%))
  Logic Levels:           2  (CARRY4=1 LUT2=1)
  Clock Path Skew:        0.000ns (DCD - SCD - CPR)
    Destination Clock Delay (DCD):    2.029ns
    Source Clock Delay      (SCD):    1.514ns
    Clock Pessimism Removal (CPR):    0.514ns

    Location             Delay type                Incr(ns)  Path(ns)    Netlist Resource(s)
  -------------------------------------------------------------------    -------------------
                         (clock sys_clk_pin rise edge)
                                                      0.000     0.000 r  
    E3                                                0.000     0.000 r  clk (IN)
                         net (fo=0)                   0.000     0.000    clk
    E3                   IBUF (Prop_ibuf_I_O)         0.250     0.250 r  clk_IBUF_inst/O
                         net (fo=1, routed)           0.644     0.894    clk_IBUF
    BUFGCTRL_X0Y16       BUFG (Prop_bufg_I_O)         0.026     0.920 r  clk_IBUF_BUFG_inst/O
                         net (fo=26, routed)          0.595     1.514    clk_IBUF_BUFG
    SLICE_X6Y80          FDCE                                         r  clk_div_reg[6]/C
  -------------------------------------------------------------------    -------------------
    SLICE_X6Y80          FDCE (Prop_fdce_C_Q)         0.164     1.678 r  clk_div_reg[6]/Q
                         net (fo=2, routed)           0.062     1.741    clk_div_reg_n_0_[6]
    SLICE_X7Y80          CARRY4 (Prop_carry4_S[1]_O[1])
                                                      0.110     1.851 r  clk_div_reg[8]_i_2/O[1]
                         net (fo=1, routed)           0.166     2.016    data0[6]
    SLICE_X6Y80          LUT2 (Prop_lut2_I0_O)        0.107     2.123 r  clk_div[6]_i_1/O
                         net (fo=1, routed)           0.000     2.123    clk_div[6]
    SLICE_X6Y80          FDCE                                         r  clk_div_reg[6]/D
  -------------------------------------------------------------------    -------------------

                         (clock sys_clk_pin rise edge)
                                                      0.000     0.000 r  
    E3                                                0.000     0.000 r  clk (IN)
                         net (fo=0)                   0.000     0.000    clk
    E3                   IBUF (Prop_ibuf_I_O)         0.438     0.438 r  clk_IBUF_inst/O
                         net (fo=1, routed)           0.699     1.136    clk_IBUF
    BUFGCTRL_X0Y16       BUFG (Prop_bufg_I_O)         0.029     1.165 r  clk_IBUF_BUFG_inst/O
                         net (fo=26, routed)          0.864     2.029    clk_IBUF_BUFG
    SLICE_X6Y80          FDCE                                         r  clk_div_reg[6]/C
                         clock pessimism             -0.514     1.514    
    SLICE_X6Y80          FDCE (Hold_fdce_C_D)         0.121     1.635    clk_div_reg[6]
  -------------------------------------------------------------------
                         required time                         -1.635    
                         arrival time                           2.123    
  -------------------------------------------------------------------
                         slack                                  0.488    

Slack (MET) :             0.494ns  (arrival time - required time)
  Source:                 clk_div_reg[0]/C
                            (rising edge-triggered cell FDCE clocked by sys_clk_pin  {rise@0.000ns fall@5.000ns period=10.000ns})
  Destination:            clk_div_reg[0]/D
                            (rising edge-triggered cell FDCE clocked by sys_clk_pin  {rise@0.000ns fall@5.000ns period=10.000ns})
  Path Group:             sys_clk_pin
  Path Type:              Hold (Min at Fast Process Corner)
  Requirement:            0.000ns  (sys_clk_pin rise@0.000ns - sys_clk_pin rise@0.000ns)
  Data Path Delay:        0.487ns  (logic 0.189ns (38.832%)  route 0.298ns (61.168%))
  Logic Levels:           1  (LUT2=1)
  Clock Path Skew:        0.000ns (DCD - SCD - CPR)
    Destination Clock Delay (DCD):    2.029ns
    Source Clock Delay      (SCD):    1.514ns
    Clock Pessimism Removal (CPR):    0.514ns

    Location             Delay type                Incr(ns)  Path(ns)    Netlist Resource(s)
  -------------------------------------------------------------------    -------------------
                         (clock sys_clk_pin rise edge)
                                                      0.000     0.000 r  
    E3                                                0.000     0.000 r  clk (IN)
                         net (fo=0)                   0.000     0.000    clk
    E3                   IBUF (Prop_ibuf_I_O)         0.250     0.250 r  clk_IBUF_inst/O
                         net (fo=1, routed)           0.644     0.894    clk_IBUF
    BUFGCTRL_X0Y16       BUFG (Prop_bufg_I_O)         0.026     0.920 r  clk_IBUF_BUFG_inst/O
                         net (fo=26, routed)          0.595     1.514    clk_IBUF_BUFG
    SLICE_X7Y80          FDCE                                         r  clk_div_reg[0]/C
  -------------------------------------------------------------------    -------------------
    SLICE_X7Y80          FDCE (Prop_fdce_C_Q)         0.141     1.655 f  clk_div_reg[0]/Q
                         net (fo=3, routed)           0.099     1.755    clk_div_reg_n_0_[0]
    SLICE_X6Y80          LUT2 (Prop_lut2_I0_O)        0.048     1.803 r  clk_div[0]_i_1/O
                         net (fo=1, routed)           0.198     2.001    clk_div[0]
    SLICE_X7Y80          FDCE                                         r  clk_div_reg[0]/D
  -------------------------------------------------------------------    -------------------

                         (clock sys_clk_pin rise edge)
                                                      0.000     0.000 r  
    E3                                                0.000     0.000 r  clk (IN)
                         net (fo=0)                   0.000     0.000    clk
    E3                   IBUF (Prop_ibuf_I_O)         0.438     0.438 r  clk_IBUF_inst/O
                         net (fo=1, routed)           0.699     1.136    clk_IBUF
    BUFGCTRL_X0Y16       BUFG (Prop_bufg_I_O)         0.029     1.165 r  clk_IBUF_BUFG_inst/O
                         net (fo=26, routed)          0.864     2.029    clk_IBUF_BUFG
    SLICE_X7Y80          FDCE                                         r  clk_div_reg[0]/C
                         clock pessimism             -0.514     1.514    
    SLICE_X7Y80          FDCE (Hold_fdce_C_D)        -0.007     1.507    clk_div_reg[0]
  -------------------------------------------------------------------
                         required time                         -1.507    
                         arrival time                           2.001    
  -------------------------------------------------------------------
                         slack                                  0.494    

Slack (MET) :             0.557ns  (arrival time - required time)
  Source:                 clk_div_reg[0]/C
                            (rising edge-triggered cell FDCE clocked by sys_clk_pin  {rise@0.000ns fall@5.000ns period=10.000ns})
  Destination:            clk_div_reg[3]/D
                            (rising edge-triggered cell FDCE clocked by sys_clk_pin  {rise@0.000ns fall@5.000ns period=10.000ns})
  Path Group:             sys_clk_pin
  Path Type:              Hold (Min at Fast Process Corner)
  Requirement:            0.000ns  (sys_clk_pin rise@0.000ns - sys_clk_pin rise@0.000ns)
  Data Path Delay:        0.701ns  (logic 0.414ns (59.032%)  route 0.287ns (40.968%))
  Logic Levels:           2  (CARRY4=1 LUT2=1)
  Clock Path Skew:        0.013ns (DCD - SCD - CPR)
    Destination Clock Delay (DCD):    2.028ns
    Source Clock Delay      (SCD):    1.514ns
    Clock Pessimism Removal (CPR):    0.500ns

    Location             Delay type                Incr(ns)  Path(ns)    Netlist Resource(s)
  -------------------------------------------------------------------    -------------------
                         (clock sys_clk_pin rise edge)
                                                      0.000     0.000 r  
    E3                                                0.000     0.000 r  clk (IN)
                         net (fo=0)                   0.000     0.000    clk
    E3                   IBUF (Prop_ibuf_I_O)         0.250     0.250 r  clk_IBUF_inst/O
                         net (fo=1, routed)           0.644     0.894    clk_IBUF
    BUFGCTRL_X0Y16       BUFG (Prop_bufg_I_O)         0.026     0.920 r  clk_IBUF_BUFG_inst/O
                         net (fo=26, routed)          0.595     1.514    clk_IBUF_BUFG
    SLICE_X7Y80          FDCE                                         r  clk_div_reg[0]/C
  -------------------------------------------------------------------    -------------------
    SLICE_X7Y80          FDCE (Prop_fdce_C_Q)         0.141     1.655 r  clk_div_reg[0]/Q
                         net (fo=3, routed)           0.121     1.776    clk_div_reg_n_0_[0]
    SLICE_X7Y79          CARRY4 (Prop_carry4_CYINIT_O[2])
                                                      0.167     1.943 r  clk_div_reg[4]_i_2/O[2]
                         net (fo=1, routed)           0.166     2.110    data0[3]
    SLICE_X6Y79          LUT2 (Prop_lut2_I0_O)        0.106     2.216 r  clk_div[3]_i_1/O
                         net (fo=1, routed)           0.000     2.216    clk_div[3]
    SLICE_X6Y79          FDCE                                         r  clk_div_reg[3]/D
  -------------------------------------------------------------------    -------------------

                         (clock sys_clk_pin rise edge)
                                                      0.000     0.000 r  
    E3                                                0.000     0.000 r  clk (IN)
                         net (fo=0)                   0.000     0.000    clk
    E3                   IBUF (Prop_ibuf_I_O)         0.438     0.438 r  clk_IBUF_inst/O
                         net (fo=1, routed)           0.699     1.136    clk_IBUF
    BUFGCTRL_X0Y16       BUFG (Prop_bufg_I_O)         0.029     1.165 r  clk_IBUF_BUFG_inst/O
                         net (fo=26, routed)          0.863     2.028    clk_IBUF_BUFG
    SLICE_X6Y79          FDCE                                         r  clk_div_reg[3]/C
                         clock pessimism             -0.500     1.527    
    SLICE_X6Y79          FDCE (Hold_fdce_C_D)         0.131     1.658    clk_div_reg[3]
  -------------------------------------------------------------------
                         required time                         -1.658    
                         arrival time                           2.216    
  -------------------------------------------------------------------
                         slack                                  0.557    

Slack (MET) :             0.565ns  (arrival time - required time)
  Source:                 clk_div_reg[6]/C
                            (rising edge-triggered cell FDCE clocked by sys_clk_pin  {rise@0.000ns fall@5.000ns period=10.000ns})
  Destination:            clk_div_reg[7]/D
                            (rising edge-triggered cell FDCE clocked by sys_clk_pin  {rise@0.000ns fall@5.000ns period=10.000ns})
  Path Group:             sys_clk_pin
  Path Type:              Hold (Min at Fast Process Corner)
  Requirement:            0.000ns  (sys_clk_pin rise@0.000ns - sys_clk_pin rise@0.000ns)
  Data Path Delay:        0.696ns  (logic 0.467ns (67.145%)  route 0.229ns (32.855%))
  Logic Levels:           2  (CARRY4=1 LUT2=1)
  Clock Path Skew:        0.000ns (DCD - SCD - CPR)
    Destination Clock Delay (DCD):    2.029ns
    Source Clock Delay      (SCD):    1.514ns
    Clock Pessimism Removal (CPR):    0.514ns

    Location             Delay type                Incr(ns)  Path(ns)    Netlist Resource(s)
  -------------------------------------------------------------------    -------------------
                         (clock sys_clk_pin rise edge)
                                                      0.000     0.000 r  
    E3                                                0.000     0.000 r  clk (IN)
                         net (fo=0)                   0.000     0.000    clk
    E3                   IBUF (Prop_ibuf_I_O)         0.250     0.250 r  clk_IBUF_inst/O
                         net (fo=1, routed)           0.644     0.894    clk_IBUF
    BUFGCTRL_X0Y16       BUFG (Prop_bufg_I_O)         0.026     0.920 r  clk_IBUF_BUFG_inst/O
                         net (fo=26, routed)          0.595     1.514    clk_IBUF_BUFG
    SLICE_X6Y80          FDCE                                         r  clk_div_reg[6]/C
  -------------------------------------------------------------------    -------------------
    SLICE_X6Y80          FDCE (Prop_fdce_C_Q)         0.164     1.678 r  clk_div_reg[6]/Q
                         net (fo=2, routed)           0.062     1.741    clk_div_reg_n_0_[6]
    SLICE_X7Y80          CARRY4 (Prop_carry4_S[1]_O[2])
                                                      0.197     1.938 r  clk_div_reg[8]_i_2/O[2]
                         net (fo=1, routed)           0.166     2.104    data0[7]
    SLICE_X6Y80          LUT2 (Prop_lut2_I0_O)        0.106     2.210 r  clk_div[7]_i_1/O
                         net (fo=1, routed)           0.000     2.210    clk_div[7]
    SLICE_X6Y80          FDCE                                         r  clk_div_reg[7]/D
  -------------------------------------------------------------------    -------------------

                         (clock sys_clk_pin rise edge)
                                                      0.000     0.000 r  
    E3                                                0.000     0.000 r  clk (IN)
                         net (fo=0)                   0.000     0.000    clk
    E3                   IBUF (Prop_ibuf_I_O)         0.438     0.438 r  clk_IBUF_inst/O
                         net (fo=1, routed)           0.699     1.136    clk_IBUF
    BUFGCTRL_X0Y16       BUFG (Prop_bufg_I_O)         0.029     1.165 r  clk_IBUF_BUFG_inst/O
                         net (fo=26, routed)          0.864     2.029    clk_IBUF_BUFG
    SLICE_X6Y80          FDCE                                         r  clk_div_reg[7]/C
                         clock pessimism             -0.514     1.514    
    SLICE_X6Y80          FDCE (Hold_fdce_C_D)         0.131     1.645    clk_div_reg[7]
  -------------------------------------------------------------------
                         required time                         -1.645    
                         arrival time                           2.210    
  -------------------------------------------------------------------
                         slack                                  0.565    

Slack (MET) :             0.577ns  (arrival time - required time)
  Source:                 clk_div_reg[0]/C
                            (rising edge-triggered cell FDCE clocked by sys_clk_pin  {rise@0.000ns fall@5.000ns period=10.000ns})
  Destination:            clk_div_reg[12]/D
                            (rising edge-triggered cell FDCE clocked by sys_clk_pin  {rise@0.000ns fall@5.000ns period=10.000ns})
  Path Group:             sys_clk_pin
  Path Type:              Hold (Min at Fast Process Corner)
  Requirement:            0.000ns  (sys_clk_pin rise@0.000ns - sys_clk_pin rise@0.000ns)
  Data Path Delay:        0.723ns  (logic 0.277ns (38.287%)  route 0.446ns (61.713%))
  Logic Levels:           3  (LUT2=1 LUT4=1 LUT5=1)
  Clock Path Skew:        0.015ns (DCD - SCD - CPR)
    Destination Clock Delay (DCD):    2.030ns
    Source Clock Delay      (SCD):    1.514ns
    Clock Pessimism Removal (CPR):    0.500ns

    Location             Delay type                Incr(ns)  Path(ns)    Netlist Resource(s)
  -------------------------------------------------------------------    -------------------
                         (clock sys_clk_pin rise edge)
                                                      0.000     0.000 r  
    E3                                                0.000     0.000 r  clk (IN)
                         net (fo=0)                   0.000     0.000    clk
    E3                   IBUF (Prop_ibuf_I_O)         0.250     0.250 r  clk_IBUF_inst/O
                         net (fo=1, routed)           0.644     0.894    clk_IBUF
    BUFGCTRL_X0Y16       BUFG (Prop_bufg_I_O)         0.026     0.920 r  clk_IBUF_BUFG_inst/O
                         net (fo=26, routed)          0.595     1.514    clk_IBUF_BUFG
    SLICE_X7Y80          FDCE                                         r  clk_div_reg[0]/C
  -------------------------------------------------------------------    -------------------
    SLICE_X7Y80          FDCE (Prop_fdce_C_Q)         0.141     1.655 r  clk_div_reg[0]/Q
                         net (fo=3, routed)           0.099     1.755    clk_div_reg_n_0_[0]
    SLICE_X6Y80          LUT4 (Prop_lut4_I1_O)        0.045     1.800 r  clk_div[20]_i_8/O
                         net (fo=1, routed)           0.147     1.947    clk_div[20]_i_8_n_0
    SLICE_X6Y81          LUT5 (Prop_lut5_I4_O)        0.045     1.992 f  clk_div[20]_i_3/O
                         net (fo=24, routed)          0.200     2.192    digit_index
    SLICE_X6Y81          LUT2 (Prop_lut2_I1_O)        0.046     2.238 r  clk_div[12]_i_1/O
                         net (fo=1, routed)           0.000     2.238    clk_div[12]
    SLICE_X6Y81          FDCE                                         r  clk_div_reg[12]/D
  -------------------------------------------------------------------    -------------------

                         (clock sys_clk_pin rise edge)
                                                      0.000     0.000 r  
    E3                                                0.000     0.000 r  clk (IN)
                         net (fo=0)                   0.000     0.000    clk
    E3                   IBUF (Prop_ibuf_I_O)         0.438     0.438 r  clk_IBUF_inst/O
                         net (fo=1, routed)           0.699     1.136    clk_IBUF
    BUFGCTRL_X0Y16       BUFG (Prop_bufg_I_O)         0.029     1.165 r  clk_IBUF_BUFG_inst/O
                         net (fo=26, routed)          0.865     2.030    clk_IBUF_BUFG
    SLICE_X6Y81          FDCE                                         r  clk_div_reg[12]/C
                         clock pessimism             -0.500     1.529    
    SLICE_X6Y81          FDCE (Hold_fdce_C_D)         0.131     1.660    clk_div_reg[12]
  -------------------------------------------------------------------
                         required time                         -1.660    
                         arrival time                           2.238    
  -------------------------------------------------------------------
                         slack                                  0.577    

Slack (MET) :             0.580ns  (arrival time - required time)
  Source:                 clk_div_reg[15]/C
                            (rising edge-triggered cell FDCE clocked by sys_clk_pin  {rise@0.000ns fall@5.000ns period=10.000ns})
  Destination:            clk_div_reg[15]/D
                            (rising edge-triggered cell FDCE clocked by sys_clk_pin  {rise@0.000ns fall@5.000ns period=10.000ns})
  Path Group:             sys_clk_pin
  Path Type:              Hold (Min at Fast Process Corner)
  Requirement:            0.000ns  (sys_clk_pin rise@0.000ns - sys_clk_pin rise@0.000ns)
  Data Path Delay:        0.711ns  (logic 0.418ns (58.796%)  route 0.293ns (41.204%))
  Logic Levels:           2  (CARRY4=1 LUT2=1)
  Clock Path Skew:        0.000ns (DCD - SCD - CPR)
    Destination Clock Delay (DCD):    2.031ns
    Source Clock Delay      (SCD):    1.516ns
    Clock Pessimism Removal (CPR):    0.514ns

    Location             Delay type                Incr(ns)  Path(ns)    Netlist Resource(s)
  -------------------------------------------------------------------    -------------------
                         (clock sys_clk_pin rise edge)
                                                      0.000     0.000 r  
    E3                                                0.000     0.000 r  clk (IN)
                         net (fo=0)                   0.000     0.000    clk
    E3                   IBUF (Prop_ibuf_I_O)         0.250     0.250 r  clk_IBUF_inst/O
                         net (fo=1, routed)           0.644     0.894    clk_IBUF
    BUFGCTRL_X0Y16       BUFG (Prop_bufg_I_O)         0.026     0.920 r  clk_IBUF_BUFG_inst/O
                         net (fo=26, routed)          0.597     1.516    clk_IBUF_BUFG
    SLICE_X6Y82          FDCE                                         r  clk_div_reg[15]/C
  -------------------------------------------------------------------    -------------------
    SLICE_X6Y82          FDCE (Prop_fdce_C_Q)         0.148     1.664 r  clk_div_reg[15]/Q
                         net (fo=2, routed)           0.127     1.791    clk_div_reg_n_0_[15]
    SLICE_X7Y82          CARRY4 (Prop_carry4_S[2]_O[2])
                                                      0.164     1.955 r  clk_div_reg[16]_i_2/O[2]
                         net (fo=1, routed)           0.166     2.121    data0[15]
    SLICE_X6Y82          LUT2 (Prop_lut2_I0_O)        0.106     2.227 r  clk_div[15]_i_1/O
                         net (fo=1, routed)           0.000     2.227    clk_div[15]
    SLICE_X6Y82          FDCE                                         r  clk_div_reg[15]/D
  -------------------------------------------------------------------    -------------------

                         (clock sys_clk_pin rise edge)
                                                      0.000     0.000 r  
    E3                                                0.000     0.000 r  clk (IN)
                         net (fo=0)                   0.000     0.000    clk
    E3                   IBUF (Prop_ibuf_I_O)         0.438     0.438 r  clk_IBUF_inst/O
                         net (fo=1, routed)           0.699     1.136    clk_IBUF
    BUFGCTRL_X0Y16       BUFG (Prop_bufg_I_O)         0.029     1.165 r  clk_IBUF_BUFG_inst/O
                         net (fo=26, routed)          0.866     2.031    clk_IBUF_BUFG
    SLICE_X6Y82          FDCE                                         r  clk_div_reg[15]/C
                         clock pessimism             -0.514     1.516    
    SLICE_X6Y82          FDCE (Hold_fdce_C_D)         0.131     1.647    clk_div_reg[15]
  -------------------------------------------------------------------
                         required time                         -1.647    
                         arrival time                           2.227    
  -------------------------------------------------------------------
                         slack                                  0.580    

Slack (MET) :             0.581ns  (arrival time - required time)
  Source:                 clk_div_reg[19]/C
                            (rising edge-triggered cell FDCE clocked by sys_clk_pin  {rise@0.000ns fall@5.000ns period=10.000ns})
  Destination:            clk_div_reg[19]/D
                            (rising edge-triggered cell FDCE clocked by sys_clk_pin  {rise@0.000ns fall@5.000ns period=10.000ns})
  Path Group:             sys_clk_pin
  Path Type:              Hold (Min at Fast Process Corner)
  Requirement:            0.000ns  (sys_clk_pin rise@0.000ns - sys_clk_pin rise@0.000ns)
  Data Path Delay:        0.712ns  (logic 0.418ns (58.687%)  route 0.294ns (41.313%))
  Logic Levels:           2  (CARRY4=1 LUT2=1)
  Clock Path Skew:        0.000ns (DCD - SCD - CPR)
    Destination Clock Delay (DCD):    2.032ns
    Source Clock Delay      (SCD):    1.517ns
    Clock Pessimism Removal (CPR):    0.514ns

    Location             Delay type                Incr(ns)  Path(ns)    Netlist Resource(s)
  -------------------------------------------------------------------    -------------------
                         (clock sys_clk_pin rise edge)
                                                      0.000     0.000 r  
    E3                                                0.000     0.000 r  clk (IN)
                         net (fo=0)                   0.000     0.000    clk
    E3                   IBUF (Prop_ibuf_I_O)         0.250     0.250 r  clk_IBUF_inst/O
                         net (fo=1, routed)           0.644     0.894    clk_IBUF
    BUFGCTRL_X0Y16       BUFG (Prop_bufg_I_O)         0.026     0.920 r  clk_IBUF_BUFG_inst/O
                         net (fo=26, routed)          0.598     1.517    clk_IBUF_BUFG
    SLICE_X6Y83          FDCE                                         r  clk_div_reg[19]/C
  -------------------------------------------------------------------    -------------------
    SLICE_X6Y83          FDCE (Prop_fdce_C_Q)         0.148     1.665 r  clk_div_reg[19]/Q
                         net (fo=2, routed)           0.128     1.793    clk_div_reg_n_0_[19]
    SLICE_X7Y83          CARRY4 (Prop_carry4_S[2]_O[2])
                                                      0.164     1.957 r  clk_div_reg[20]_i_2/O[2]
                         net (fo=1, routed)           0.166     2.124    data0[19]
    SLICE_X6Y83          LUT2 (Prop_lut2_I0_O)        0.106     2.230 r  clk_div[19]_i_1/O
                         net (fo=1, routed)           0.000     2.230    clk_div[19]
    SLICE_X6Y83          FDCE                                         r  clk_div_reg[19]/D
  -------------------------------------------------------------------    -------------------

                         (clock sys_clk_pin rise edge)
                                                      0.000     0.000 r  
    E3                                                0.000     0.000 r  clk (IN)
                         net (fo=0)                   0.000     0.000    clk
    E3                   IBUF (Prop_ibuf_I_O)         0.438     0.438 r  clk_IBUF_inst/O
                         net (fo=1, routed)           0.699     1.136    clk_IBUF
    BUFGCTRL_X0Y16       BUFG (Prop_bufg_I_O)         0.029     1.165 r  clk_IBUF_BUFG_inst/O
                         net (fo=26, routed)          0.867     2.032    clk_IBUF_BUFG
    SLICE_X6Y83          FDCE                                         r  clk_div_reg[19]/C
                         clock pessimism             -0.514     1.517    
    SLICE_X6Y83          FDCE (Hold_fdce_C_D)         0.131     1.648    clk_div_reg[19]
  -------------------------------------------------------------------
                         required time                         -1.648    
                         arrival time                           2.230    
  -------------------------------------------------------------------
                         slack                                  0.581    





Pulse Width Checks
--------------------------------------------------------------------------------------
Clock Name:         sys_clk_pin
Waveform(ns):       { 0.000 5.000 }
Period(ns):         10.000
Sources:            { clk }

Check Type        Corner  Lib Pin             Reference Pin  Required(ns)  Actual(ns)  Slack(ns)  Location        Pin
Min Period        n/a     RAMB18E1/CLKARDCLK  n/a            2.576         10.000      7.424      RAMB18_X0Y32    rom_inst/U0/inst_blk_mem_gen/gnbram.gnativebmg.native_blk_mem_gen/valid.cstr/ramloop[0].ram.r/prim_init.ram/DEVICE_7SERIES.NO_BMM_INFO.SP.WIDE_PRIM18.ram/CLKARDCLK
Min Period        n/a     RAMB18E1/CLKBWRCLK  n/a            2.576         10.000      7.424      RAMB18_X0Y32    rom_inst/U0/inst_blk_mem_gen/gnbram.gnativebmg.native_blk_mem_gen/valid.cstr/ramloop[0].ram.r/prim_init.ram/DEVICE_7SERIES.NO_BMM_INFO.SP.WIDE_PRIM18.ram/CLKBWRCLK
Min Period        n/a     BUFG/I              n/a            2.155         10.000      7.845      BUFGCTRL_X0Y16  clk_IBUF_BUFG_inst/I
Min Period        n/a     FDCE/C              n/a            1.000         10.000      9.000      SLICE_X6Y81     clk_div_reg[10]/C
Min Period        n/a     FDCE/C              n/a            1.000         10.000      9.000      SLICE_X5Y81     clk_div_reg[11]/C
Min Period        n/a     FDCE/C              n/a            1.000         10.000      9.000      SLICE_X6Y81     clk_div_reg[12]/C
Min Period        n/a     FDCE/C              n/a            1.000         10.000      9.000      SLICE_X6Y82     clk_div_reg[13]/C
Min Period        n/a     FDCE/C              n/a            1.000         10.000      9.000      SLICE_X6Y82     clk_div_reg[14]/C
Min Period        n/a     FDCE/C              n/a            1.000         10.000      9.000      SLICE_X6Y82     clk_div_reg[15]/C
Min Period        n/a     FDCE/C              n/a            1.000         10.000      9.000      SLICE_X6Y82     clk_div_reg[16]/C
Low Pulse Width   Fast    FDCE/C              n/a            0.500         5.000       4.500      SLICE_X6Y82     clk_div_reg[13]/C
Low Pulse Width   Fast    FDCE/C              n/a            0.500         5.000       4.500      SLICE_X6Y82     clk_div_reg[14]/C
Low Pulse Width   Fast    FDCE/C              n/a            0.500         5.000       4.500      SLICE_X6Y82     clk_div_reg[15]/C
Low Pulse Width   Fast    FDCE/C              n/a            0.500         5.000       4.500      SLICE_X6Y82     clk_div_reg[16]/C
Low Pulse Width   Fast    FDCE/C              n/a            0.500         5.000       4.500      SLICE_X6Y81     clk_div_reg[10]/C
Low Pulse Width   Fast    FDCE/C              n/a            0.500         5.000       4.500      SLICE_X5Y81     clk_div_reg[11]/C
Low Pulse Width   Fast    FDCE/C              n/a            0.500         5.000       4.500      SLICE_X6Y81     clk_div_reg[12]/C
Low Pulse Width   Slow    FDCE/C              n/a            0.500         5.000       4.500      SLICE_X6Y82     clk_div_reg[13]/C
Low Pulse Width   Slow    FDCE/C              n/a            0.500         5.000       4.500      SLICE_X6Y82     clk_div_reg[14]/C
Low Pulse Width   Slow    FDCE/C              n/a            0.500         5.000       4.500      SLICE_X6Y82     clk_div_reg[15]/C
High Pulse Width  Slow    FDCE/C              n/a            0.500         5.000       4.500      SLICE_X6Y83     clk_div_reg[17]/C
High Pulse Width  Slow    FDCE/C              n/a            0.500         5.000       4.500      SLICE_X6Y83     clk_div_reg[18]/C
High Pulse Width  Slow    FDCE/C              n/a            0.500         5.000       4.500      SLICE_X6Y83     clk_div_reg[19]/C
High Pulse Width  Slow    FDCE/C              n/a            0.500         5.000       4.500      SLICE_X6Y83     clk_div_reg[20]/C
High Pulse Width  Slow    FDCE/C              n/a            0.500         5.000       4.500      SLICE_X6Y81     clk_div_reg[10]/C
High Pulse Width  Fast    FDCE/C              n/a            0.500         5.000       4.500      SLICE_X6Y81     clk_div_reg[10]/C
High Pulse Width  Slow    FDCE/C              n/a            0.500         5.000       4.500      SLICE_X5Y81     clk_div_reg[11]/C
High Pulse Width  Fast    FDCE/C              n/a            0.500         5.000       4.500      SLICE_X5Y81     clk_div_reg[11]/C
High Pulse Width  Slow    FDCE/C              n/a            0.500         5.000       4.500      SLICE_X6Y81     clk_div_reg[12]/C
High Pulse Width  Fast    FDCE/C              n/a            0.500         5.000       4.500      SLICE_X6Y81     clk_div_reg[12]/C



