Vivado Simulator 2020.2
Copyright 1986-1999, 2001-2020 Xilinx, Inc. All Rights Reserved.
Running: D:/Xilinx/Vivado/2020.2/bin/unwrapped/win64.o/xelab.exe -wto 8be3ba33f7e946188ad8a9ab8403bc13 --incr --debug typical --relax --mt 2 -L xil_defaultlib -L unisims_ver -L unimacro_ver -L secureip --snapshot tb_top_behav xil_defaultlib.tb_top xil_defaultlib.glbl -log elaborate.log 
Using 2 slave threads.
Starting static elaboration
Pass Through NonSizing Optimizer
Completed static elaboration
Starting simulation data flow analysis
WARNING: [XSIM 43-4099] "D:/dev/FDU-2026spring/CS-2026spring/Lab3-2/Lab3-2-1/Lab3-2-1/Lab3-2-1.srcs/sources_1/imports/rtl/top.v" Line 1. Module top doesn't have a timescale but at least one module in design has a timescale.
WARNING: [XSIM 43-4099] "D:/dev/FDU-2026spring/CS-2026spring/Lab3-2/Lab3-2-1/Lab3-2-1/Lab3-2-1.srcs/sources_1/imports/rtl/alu.v" Line 1. Module alu doesn't have a timescale but at least one module in design has a timescale.
WARNING: [XSIM 43-4099] "D:/dev/FDU-2026spring/CS-2026spring/Lab3-2/Lab3-2-1/Lab3-2-1/Lab3-2-1.srcs/sources_1/imports/rtl/mux2.v" Line 1. Module mux2 doesn't have a timescale but at least one module in design has a timescale.
WARNING: [XSIM 43-4099] "D:/dev/FDU-2026spring/CS-2026spring/Lab3-2/Lab3-2-1/Lab3-2-1/Lab3-2-1.srcs/sources_1/imports/rtl/regfile.v" Line 1. Module regfile doesn't have a timescale but at least one module in design has a timescale.
WARNING: [XSIM 43-4099] "D:/dev/FDU-2026spring/CS-2026spring/Lab3-2/Lab3-2-1/Lab3-2-1/Lab3-2-1.srcs/sources_1/imports/rtl/top.v" Line 1. Module top doesn't have a timescale but at least one module in design has a timescale.
WARNING: [XSIM 43-4099] "D:/dev/FDU-2026spring/CS-2026spring/Lab3-2/Lab3-2-1/Lab3-2-1/Lab3-2-1.srcs/sources_1/imports/rtl/alu.v" Line 1. Module alu doesn't have a timescale but at least one module in design has a timescale.
WARNING: [XSIM 43-4099] "D:/dev/FDU-2026spring/CS-2026spring/Lab3-2/Lab3-2-1/Lab3-2-1/Lab3-2-1.srcs/sources_1/imports/rtl/mux2.v" Line 1. Module mux2 doesn't have a timescale but at least one module in design has a timescale.
WARNING: [XSIM 43-4099] "D:/dev/FDU-2026spring/CS-2026spring/Lab3-2/Lab3-2-1/Lab3-2-1/Lab3-2-1.srcs/sources_1/imports/rtl/regfile.v" Line 1. Module regfile doesn't have a timescale but at least one module in design has a timescale.
Completed simulation data flow analysis
Time Resolution for simulation is 1ps
Compiling module xil_defaultlib.alu
Compiling module xil_defaultlib.mux2
Compiling module xil_defaultlib.regfile
Compiling module xil_defaultlib.top
Compiling module xil_defaultlib.tb_top
Compiling module xil_defaultlib.glbl
Built simulation snapshot tb_top_behav
