INFO: [VRFC 10-2263] Analyzing Verilog file "D:/dev/FDU-2026spring/CS-2026spring/Lab3-2/Lab3-2-2/Lab3-2-2/Lab3-2-2.gen/sources_1/ip/data_mem/sim/data_mem.v" into library xil_defaultlib
INFO: [VRFC 10-311] analyzing module data_mem
INFO: [VRFC 10-2263] Analyzing Verilog file "D:/dev/FDU-2026spring/CS-2026spring/Lab3-2/Lab3-2-2/Lab3-2-2/Lab3-2-2.gen/sources_1/ip/inst_mem/sim/inst_mem.v" into library xil_defaultlib
INFO: [VRFC 10-311] analyzing module inst_mem
INFO: [VRFC 10-2263] Analyzing Verilog file "D:/dev/FDU-2026spring/CS-2026spring/Lab3-2/Lab3-2-2/Lab3-2-2/Lab3-2-2.srcs/sources_1/imports/rtl/adder.v" into library xil_defaultlib
INFO: [VRFC 10-311] analyzing module adder
INFO: [VRFC 10-2263] Analyzing Verilog file "D:/dev/FDU-2026spring/CS-2026spring/Lab3-2/Lab3-2-2/Lab3-2-2/Lab3-2-2.srcs/sources_1/imports/rtl/alu.v" into library xil_defaultlib
INFO: [VRFC 10-311] analyzing module alu
INFO: [VRFC 10-2263] Analyzing Verilog file "D:/dev/FDU-2026spring/CS-2026spring/Lab3-2/Lab3-2-2/Lab3-2-2/Lab3-2-2.srcs/sources_1/imports/rtl/aludec.v" into library xil_defaultlib
INFO: [VRFC 10-311] analyzing module aludec
INFO: [VRFC 10-2263] Analyzing Verilog file "D:/dev/FDU-2026spring/CS-2026spring/Lab3-2/Lab3-2-2/Lab3-2-2/Lab3-2-2.srcs/sources_1/imports/rtl/controller.v" into library xil_defaultlib
INFO: [VRFC 10-311] analyzing module controller
INFO: [VRFC 10-2263] Analyzing Verilog file "D:/dev/FDU-2026spring/CS-2026spring/Lab3-2/Lab3-2-2/Lab3-2-2/Lab3-2-2.srcs/sources_1/imports/rtl/datapath.v" into library xil_defaultlib
INFO: [VRFC 10-311] analyzing module datapath
INFO: [VRFC 10-2263] Analyzing Verilog file "D:/dev/FDU-2026spring/CS-2026spring/Lab3-2/Lab3-2-2/Lab3-2-2/Lab3-2-2.srcs/sources_1/imports/rtl/maindec.v" into library xil_defaultlib
INFO: [VRFC 10-311] analyzing module maindec
INFO: [VRFC 10-2263] Analyzing Verilog file "D:/dev/FDU-2026spring/CS-2026spring/Lab3-2/Lab3-2-2/Lab3-2-2/Lab3-2-2.srcs/sources_1/imports/rtl/mips.v" into library xil_defaultlib
INFO: [VRFC 10-311] analyzing module mips
INFO: [VRFC 10-2263] Analyzing Verilog file "D:/dev/FDU-2026spring/CS-2026spring/Lab3-2/Lab3-2-2/Lab3-2-2/Lab3-2-2.srcs/sources_1/imports/rtl/mux2.v" into library xil_defaultlib
INFO: [VRFC 10-311] analyzing module mux2
INFO: [VRFC 10-2263] Analyzing Verilog file "D:/dev/FDU-2026spring/CS-2026spring/Lab3-2/Lab3-2-2/Lab3-2-2/Lab3-2-2.srcs/sources_1/imports/rtl/pc.v" into library xil_defaultlib
INFO: [VRFC 10-311] analyzing module pc
INFO: [VRFC 10-2263] Analyzing Verilog file "D:/dev/FDU-2026spring/CS-2026spring/Lab3-2/Lab3-2-2/Lab3-2-2/Lab3-2-2.srcs/sources_1/imports/rtl/regfile.v" into library xil_defaultlib
INFO: [VRFC 10-311] analyzing module regfile
INFO: [VRFC 10-2263] Analyzing Verilog file "D:/dev/FDU-2026spring/CS-2026spring/Lab3-2/Lab3-2-2/Lab3-2-2/Lab3-2-2.srcs/sources_1/imports/rtl/signext.v" into library xil_defaultlib
INFO: [VRFC 10-311] analyzing module signext
INFO: [VRFC 10-2263] Analyzing Verilog file "D:/dev/FDU-2026spring/CS-2026spring/Lab3-2/Lab3-2-2/Lab3-2-2/Lab3-2-2.srcs/sources_1/imports/rtl/sl2.v" into library xil_defaultlib
INFO: [VRFC 10-311] analyzing module sl2
INFO: [VRFC 10-2263] Analyzing Verilog file "D:/dev/FDU-2026spring/CS-2026spring/Lab3-2/Lab3-2-2/Lab3-2-2/Lab3-2-2.srcs/sources_1/imports/rtl/top.v" into library xil_defaultlib
INFO: [VRFC 10-311] analyzing module top
INFO: [VRFC 10-2263] Analyzing Verilog file "D:/dev/FDU-2026spring/CS-2026spring/Lab3-2/Lab3-2-2/Lab3-2-2/Lab3-2-2.srcs/sim_1/imports/sim/tb_mips.v" into library xil_defaultlib
INFO: [VRFC 10-311] analyzing module testbench
